============================= test session starts =============================
platform win32 -- Python 3.13.0, pytest-9.0.2, pluggy-1.6.0 -- C:\Users\Lenovo\AppData\Local\Programs\Python\Python313\python.exe
cachedir: .pytest_cache
rootdir: C:\Users\Lenovo\OneDrive\Documents\GitHub\NeuroNav\backend
plugins: anyio-4.12.1, asyncio-1.3.0
asyncio: mode=Mode.STRICT, debug=False, asyncio_default_fixture_loop_scope=None, asyncio_default_test_loop_scope=function
collecting ... collected 6 items

tests/test_routing.py::test_walking_route PASSED                         [ 16%]
tests/test_routing.py::test_driving_route PASSED                         [ 33%]
tests/test_routing.py::test_cycling_route PASSED                         [ 50%]
tests/test_routing.py::test_bus_route PASSED                             [ 66%]
tests/test_routing.py::test_mrt_route PASSED                             [ 83%]
tests/test_routing.py::test_sanity_check_walking_vs_driving FAILED       [100%]

================================== FAILURES ===================================
____________________ test_sanity_check_walking_vs_driving _____________________

    @pytest.mark.asyncio
    async def test_sanity_check_walking_vs_driving():
        async with AsyncClient(transport=ASGITransport(app=app), base_url="http://test") as ac:
            resp_w = await ac.post("/api/route", json=get_payload("walking"))
            resp_d = await ac.post("/api/route", json=get_payload("driving"))
    
        assert resp_w.status_code == 200
        assert resp_d.status_code == 200
    
        walk_data = resp_w.json()
        drive_data = resp_d.json()
    
        walk_pref = next(r for r in walk_data["routes"] if r["role"] == "preferred")
        drive_pref = next(r for r in drive_data["routes"] if r["role"] == "preferred")
    
        # Walk duration should be vastly longer than driving for an 8km journey
>       assert walk_pref["duration_s"] > drive_pref["duration_s"]
E       assert 946.0910523424749 > 954.2638267148105

tests\test_routing.py:84: AssertionError
=========================== short test summary info ===========================
FAILED tests/test_routing.py::test_sanity_check_walking_vs_driving - assert 9...
========================= 1 failed, 5 passed in 9.13s =========================
